This is pdfTeX, Version 3.141592653-2.6-1.40.28 (MiKTeX 25.12) (preloaded format=pdflatex.fmt)
 restricted \write18 enabled.
entering extended mode
(manuscript.tex
LaTeX2e <2025-11-01>
L3 programming layer <2025-12-24>
(C:\Users\yasan\AppData\Local\Programs\MiKTeX\tex/latex/base\article.cls
Document Class: article 2025/01/22 v1.4n Standard LaTeX document class
(C:\Users\yasan\AppData\Local\Programs\MiKTeX\tex/latex/base\size12.clo))
(C:\Users\yasan\AppData\Local\Programs\MiKTeX\tex/latex/base\inputenc.sty)
(C:\Users\yasan\AppData\Local\Programs\MiKTeX\tex/latex/base\fontenc.sty)
(C:\Users\yasan\AppData\Local\Programs\MiKTeX\tex/latex/geometry\geometry.sty
(C:\Users\yasan\AppData\Local\Programs\MiKTeX\tex/latex/graphics\keyval.sty)
(C:\Users\yasan\AppData\Local\Programs\MiKTeX\tex/generic/iftex\ifvtex.sty
(C:\Users\yasan\AppData\Local\Programs\MiKTeX\tex/generic/iftex\iftex.sty))
(C:\Users\yasan\AppData\Local\Programs\MiKTeX\tex/latex/geometry\geometry.cfg))
(C:\Users\yasan\AppData\Local\Programs\MiKTeX\tex/latex/amsmath\amsmath.sty
For additional information on amsmath, use the `?' option.
(C:\Users\yasan\AppData\Local\Programs\MiKTeX\tex/latex/amsmath\amstext.sty
(C:\Users\yasan\AppData\Local\Programs\MiKTeX\tex/latex/amsmath\amsgen.sty))
(C:\Users\yasan\AppData\Local\Programs\MiKTeX\tex/latex/amsmath\amsbsy.sty)
(C:\Users\yasan\AppData\Local\Programs\MiKTeX\tex/latex/amsmath\amsopn.sty))
(C:\Users\yasan\AppData\Local\Programs\MiKTeX\tex/latex/amsfonts\amssymb.sty
(C:\Users\yasan\AppData\Local\Programs\MiKTeX\tex/latex/amsfonts\amsfonts.sty))
 (C:\Users\yasan\AppData\Local\Programs\MiKTeX\tex/latex/amscls\amsthm.sty)
(C:\Users\yasan\AppData\Local\Programs\MiKTeX\tex/latex/graphics\graphicx.sty
(C:\Users\yasan\AppData\Local\Programs\MiKTeX\tex/latex/graphics\graphics.sty
(C:\Users\yasan\AppData\Local\Programs\MiKTeX\tex/latex/graphics\trig.sty)
(C:\Users\yasan\AppData\Local\Programs\MiKTeX\tex/latex/graphics-cfg\graphics.c
fg)
(C:\Users\yasan\AppData\Local\Programs\MiKTeX\tex/latex/graphics-def\pdftex.def
)))
(C:\Users\yasan\AppData\Local\Programs\MiKTeX\tex/latex/booktabs\booktabs.sty)
(C:\Users\yasan\AppData\Local\Programs\MiKTeX\tex/latex/tools\longtable.sty)
(C:\Users\yasan\AppData\Local\Programs\MiKTeX\tex/latex/tools\array.sty)
(C:\Users\yasan\AppData\Local\Programs\MiKTeX\tex/latex/setspace\setspace.sty)
(C:\Users\yasan\AppData\Local\Programs\MiKTeX\tex/latex/hyperref\hyperref.sty
(C:\Users\yasan\AppData\Local\Programs\MiKTeX\tex/latex/kvsetkeys\kvsetkeys.sty
)
(C:\Users\yasan\AppData\Local\Programs\MiKTeX\tex/generic/kvdefinekeys\kvdefine
keys.sty)
(C:\Users\yasan\AppData\Local\Programs\MiKTeX\tex/generic/pdfescape\pdfescape.s
ty
(C:\Users\yasan\AppData\Local\Programs\MiKTeX\tex/generic/ltxcmds\ltxcmds.sty)
(C:\Users\yasan\AppData\Local\Programs\MiKTeX\tex/generic/pdftexcmds\pdftexcmds
.sty
(C:\Users\yasan\AppData\Local\Programs\MiKTeX\tex/generic/infwarerr\infwarerr.s
ty)))
(C:\Users\yasan\AppData\Local\Programs\MiKTeX\tex/latex/hycolor\hycolor.sty)
(C:\Users\yasan\AppData\Local\Programs\MiKTeX\tex/latex/hyperref\nameref.sty
(C:\Users\yasan\AppData\Local\Programs\MiKTeX\tex/latex/refcount\refcount.sty)
(C:\Users\yasan\AppData\Local\Programs\MiKTeX\tex/generic/gettitlestring\gettit
lestring.sty
(C:\Users\yasan\AppData\Local\Programs\MiKTeX\tex/latex/kvoptions\kvoptions.sty
)))
(C:\Users\yasan\AppData\Local\Programs\MiKTeX\tex/latex/etoolbox\etoolbox.sty)
(C:\Users\yasan\AppData\Local\Programs\MiKTeX\tex/generic/stringenc\stringenc.s
ty) (C:\Users\yasan\AppData\Local\Programs\MiKTeX\tex/latex/hyperref\pd1enc.def
) (C:\Users\yasan\AppData\Local\Programs\MiKTeX\tex/generic/intcalc\intcalc.sty
) (C:\Users\yasan\AppData\Local\Programs\MiKTeX\tex/latex/hyperref\puenc.def)
(C:\Users\yasan\AppData\Local\Programs\MiKTeX\tex/latex/url\url.sty)
(C:\Users\yasan\AppData\Local\Programs\MiKTeX\tex/generic/bitset\bitset.sty
(C:\Users\yasan\AppData\Local\Programs\MiKTeX\tex/generic/bigintcalc\bigintcalc
.sty)))
(C:\Users\yasan\AppData\Local\Programs\MiKTeX\tex/latex/hyperref\hpdftex.def
(C:\Users\yasan\AppData\Local\Programs\MiKTeX\tex/latex/rerunfilecheck\rerunfil
echeck.sty
(C:\Users\yasan\AppData\Local\Programs\MiKTeX\tex/generic/uniquecounter\uniquec
ounter.sty)))
(C:\Users\yasan\AppData\Local\Programs\MiKTeX\tex/latex/natbib\natbib.sty)
(C:\Users\yasan\AppData\Local\Programs\MiKTeX\tex/latex/caption\caption.sty
(C:\Users\yasan\AppData\Local\Programs\MiKTeX\tex/latex/caption\caption3.sty)
(C:\Users\yasan\AppData\Local\Programs\MiKTeX\tex/latex/caption\ltcaption.sty))
 (C:\Users\yasan\AppData\Local\Programs\MiKTeX\tex/latex/caption\subcaption.sty
) (C:\Users\yasan\AppData\Local\Programs\MiKTeX\tex/latex/float\float.sty)
(C:\Users\yasan\AppData\Local\Programs\MiKTeX\tex/latex/multirow\multirow.sty)
(C:\Users\yasan\AppData\Local\Programs\MiKTeX\tex/latex/enumitem\enumitem.sty)
(C:\Users\yasan\AppData\Local\Programs\MiKTeX\tex/latex/l3backend\l3backend-pdf
tex.def) (manuscript.aux)
*geometry* driver: auto-detecting
*geometry* detected driver: pdftex

(C:\Users\yasan\AppData\Local\Programs\MiKTeX\tex/context/base/mkii\supp-pdf.mk
ii
[Loading MPS to PDF converter (version 2006.09.02).]
)
(C:\Users\yasan\AppData\Local\Programs\MiKTeX\tex/latex/epstopdf-pkg\epstopdf-b
ase.sty
(C:\Users\yasan\AppData\Local\Programs\MiKTeX\tex/latex/00miktex\epstopdf-sys.c
fg)) (manuscript.out) (manuscript.out)
(C:\Users\yasan\AppData\Local\Programs\MiKTeX\tex/latex/amsfonts\umsa.fd)
(C:\Users\yasan\AppData\Local\Programs\MiKTeX\tex/latex/amsfonts\umsb.fd)
[1{C:/Users/yasan/AppData/Local/MiKTeX/fonts/map/pdftex/pdftex.map}] [2]
(manuscript.toc [3]) [4] (sections/01_introduction.tex [5]) [6] [7]
(sections/02_literature.tex [8] [9]
Overfull \hbox (38.12091pt too wide) in paragraph at lines 33--34
\T1/cmr/m/n/12 doc-u-mented for-est tran-si-tions in 50 coun-tries; Ghana be-ga
n tran-si-tion-ing in the 1990s^^Vsecondary
[10] [11]) [12] (sections/03_methodology.tex [13] [14] [15] [16] [17] [18])
[19] (sections/04_results.tex

LaTeX Warning: Reference `fig:annual_loss' on page 20 undefined on input line 5
.

[20]

LaTeX Warning: Reference `tab:regional' on page 21 undefined on input line 19.


Overfull \hbox (16.61275pt too wide) in paragraph at lines 27--28
\T1/cmr/m/n/12 wild-fires (0.4%), and un-known causes (0.2%). The forestry shar
e de-serves scrutiny^^Vmanaged

LaTeX Warning: Reference `fig:drivers' on page 21 undefined on input line 29.

[21] [22] [23] (tables/table3_optimization_baseline.tex

! LaTeX Error: Environment tablenotes undefined.

See the LaTeX manual or LaTeX Companion for explanation.
Type  H <return>  for immediate help.
 ...                                              
                                                  
l.46 \begin{tablenotes}
                       

! LaTeX Error: Lonely \item--perhaps a missing list environment.

See the LaTeX manual or LaTeX Companion for explanation.
Type  H <return>  for immediate help.
 ...                                              
                                                  
l.48 \item \textit
                  {Notes:} Results from sequential least squares programming...


! LaTeX Error: \begin{table} on input line 2 ended by \end{tablenotes}.

See the LaTeX manual or LaTeX Companion for explanation.
Type  H <return>  for immediate help.
 ...                                              
                                                  
l.49 \end{tablenotes}
                     
) [24] [25] [26 <./figures/fig7_optimization.pdf>] [27 <./figures/fig8_comparis
on.pdf>]

LaTeX Warning: Reference `fig:sensitivity_carbon' on page 28 undefined on input
 line 86.

[28 <./figures/fig9_metrics.pdf>]

LaTeX Warning: Reference `fig:sensitivity_discount' on page 29 undefined on inp
ut line 98.

[29] [30] (tables/table4_comparison_trajectories.tex

! LaTeX Error: Environment tablenotes undefined.

See the LaTeX manual or LaTeX Companion for explanation.
Type  H <return>  for immediate help.
 ...                                              
                                                  
l.32 \begin{tablenotes}
                       

Overfull \hbox (101.42838pt too wide) in paragraph at lines 7--34
 [][] 

! LaTeX Error: Lonely \item--perhaps a missing list environment.

See the LaTeX manual or LaTeX Companion for explanation.
Type  H <return>  for immediate help.
 ...                                              
                                                  
l.34 \item \textit
                  {Notes:} Business-as-usual (BAU) assumes continuation of 2...


! LaTeX Error: \begin{table} on input line 2 ended by \end{tablenotes}.

See the LaTeX manual or LaTeX Companion for explanation.
Type  H <return>  for immediate help.
 ...                                              
                                                  
l.35 \end{tablenotes}
                     
) [31] [32]) [33] (sections/05_discussion.tex [34]
Overfull \hbox (0.27309pt too wide) in paragraph at lines 23--24
[]\T1/cmr/m/n/12 Alternative en-force-ment mech-a-nisms war-rant ex-plo-ration.
 Com-mu-nity for-est man-
[35]
Overfull \hbox (22.87776pt too wide) in paragraph at lines 29--30
\T1/cmr/m/n/12 enues. Trans-ac-tion costs^^Vbaseline as-sess-ment ($50,000-$100
,000), mon-i-tor-ing ($20,000/year),
[36]
Overfull \hbox (33.74184pt too wide) in paragraph at lines 49--50
\T1/cmr/m/n/12 con-tin-u-ous ef-fort. Pay-ment for ecosys-tem ser-vices could b
ridge this tem-po-ral mis-match^^Voffering
[37] [38] [39]) [40] (sections/06_conclusion.tex [41]
Overfull \hbox (3.54047pt too wide) in paragraph at lines 13--14
[]\T1/cmr/m/n/12 The path for-ward in-te-grates mul-ti-ple in-stru-ments. Stren
gthen en-force-ment through
[42]) [43] (manuscript.bbl [44] [45] [46]) [47] (manuscript.aux)

LaTeX Warning: There were undefined references.

 )
(see the transcript file for additional information) <C:\Users\yasan\AppData\Lo
cal\MiKTeX\fonts/pk/ljfour/jknappen/ec/dpi600\ecti1095.pk> <C:\Users\yasan\AppD
ata\Local\MiKTeX\fonts/pk/ljfour/jknappen/ec/dpi600\ectt1200.pk> <C:\Users\yasa
n\AppData\Local\MiKTeX\fonts/pk/ljfour/jknappen/ec/dpi600\tcrm1200.pk> <C:\User
s\yasan\AppData\Local\MiKTeX\fonts/pk/ljfour/jknappen/ec/dpi600\ecrm0800.pk> <C
:\Users\yasan\AppData\Local\MiKTeX\fonts/pk/ljfour/jknappen/ec/dpi600\ecti1200.
pk> <C:\Users\yasan\AppData\Local\MiKTeX\fonts/pk/ljfour/jknappen/ec/dpi600\ecb
x1440.pk> <C:\Users\yasan\AppData\Local\MiKTeX\fonts/pk/ljfour/jknappen/ec/dpi6
00\ecbx1728.pk> <C:\Users\yasan\AppData\Local\MiKTeX\fonts/pk/ljfour/jknappen/e
c/dpi600\ecbx1200.pk> <C:\Users\yasan\AppData\Local\MiKTeX\fonts/pk/ljfour/jkna
ppen/ec/dpi600\ecrm1200.pk> <C:\Users\yasan\AppData\Local\MiKTeX\fonts/pk/ljfou
r/jknappen/ec/dpi600\ecrm1095.pk> <C:\Users\yasan\AppData\Local\MiKTeX\fonts/pk
/ljfour/jknappen/ec/dpi600\ecbx1095.pk> <C:\Users\yasan\AppData\Local\MiKTeX\fo
nts/pk/ljfour/jknappen/ec/dpi600\ecrm1440.pk> <C:\Users\yasan\AppData\Local\MiK
TeX\fonts/pk/ljfour/jknappen/ec/dpi600\ecbx2074.pk><C:/Users/yasan/AppData/Loca
l/Programs/MiKTeX/fonts/type1/public/amsfonts/cm/cmex10.pfb><C:/Users/yasan/App
Data/Local/Programs/MiKTeX/fonts/type1/public/amsfonts/cm/cmmi10.pfb><C:/Users/
yasan/AppData/Local/Programs/MiKTeX/fonts/type1/public/amsfonts/cm/cmmi12.pfb><
C:/Users/yasan/AppData/Local/Programs/MiKTeX/fonts/type1/public/amsfonts/cm/cmm
i6.pfb><C:/Users/yasan/AppData/Local/Programs/MiKTeX/fonts/type1/public/amsfont
s/cm/cmmi8.pfb><C:/Users/yasan/AppData/Local/Programs/MiKTeX/fonts/type1/public
/amsfonts/cm/cmr10.pfb><C:/Users/yasan/AppData/Local/Programs/MiKTeX/fonts/type
1/public/amsfonts/cm/cmr12.pfb><C:/Users/yasan/AppData/Local/Programs/MiKTeX/fo
nts/type1/public/amsfonts/cm/cmr6.pfb><C:/Users/yasan/AppData/Local/Programs/Mi
KTeX/fonts/type1/public/amsfonts/cm/cmr8.pfb><C:/Users/yasan/AppData/Local/Prog
rams/MiKTeX/fonts/type1/public/amsfonts/cm/cmsy10.pfb><C:/Users/yasan/AppData/L
ocal/Programs/MiKTeX/fonts/type1/public/amsfonts/cm/cmsy6.pfb><C:/Users/yasan/A
ppData/Local/Programs/MiKTeX/fonts/type1/public/amsfonts/cm/cmsy8.pfb>
Output written on manuscript.pdf (47 pages, 537056 bytes).
Transcript written on manuscript.log.
