\BOOKMARK [1][-]{section.1}{\376\377\000I\000n\000t\000r\000o\000d\000u\000c\000t\000i\000o\000n}{}% 1
\BOOKMARK [1][-]{section.2}{\376\377\000L\000i\000t\000e\000r\000a\000t\000u\000r\000e\000\040\000R\000e\000v\000i\000e\000w}{}% 2
\BOOKMARK [2][-]{subsection.2.1}{\376\377\000D\000e\000f\000o\000r\000e\000s\000t\000a\000t\000i\000o\000n\000\040\000D\000r\000i\000v\000e\000r\000s\000\040\000i\000n\000\040\000T\000r\000o\000p\000i\000c\000a\000l\000\040\000C\000o\000n\000t\000e\000x\000t\000s}{section.2}% 3
\BOOKMARK [2][-]{subsection.2.2}{\376\377\000E\000c\000o\000n\000o\000m\000i\000c\000\040\000M\000o\000d\000e\000l\000i\000n\000g\000\040\000o\000f\000\040\000F\000o\000r\000e\000s\000t\000\040\000M\000a\000n\000a\000g\000e\000m\000e\000n\000t}{section.2}% 4
\BOOKMARK [2][-]{subsection.2.3}{\376\377\000C\000a\000r\000b\000o\000n\000\040\000P\000r\000i\000c\000i\000n\000g\000\040\000a\000n\000d\000\040\000F\000o\000r\000e\000s\000t\000\040\000C\000o\000n\000s\000e\000r\000v\000a\000t\000i\000o\000n}{section.2}% 5
\BOOKMARK [2][-]{subsection.2.4}{\376\377\000G\000h\000a\000n\000a\000-\000S\000p\000e\000c\000i\000f\000i\000c\000\040\000F\000o\000r\000e\000s\000t\000\040\000D\000y\000n\000a\000m\000i\000c\000s}{section.2}% 6
\BOOKMARK [2][-]{subsection.2.5}{\376\377\000G\000a\000p\000s\000\040\000i\000n\000\040\000t\000h\000e\000\040\000L\000i\000t\000e\000r\000a\000t\000u\000r\000e}{section.2}% 7
\BOOKMARK [1][-]{section.3}{\376\377\000M\000e\000t\000h\000o\000d\000o\000l\000o\000g\000y}{}% 8
\BOOKMARK [2][-]{subsection.3.1}{\376\377\000D\000a\000t\000a\000\040\000S\000o\000u\000r\000c\000e\000s\000\040\000a\000n\000d\000\040\000P\000r\000o\000c\000e\000s\000s\000i\000n\000g}{section.3}% 9
\BOOKMARK [2][-]{subsection.3.2}{\376\377\000D\000e\000s\000c\000r\000i\000p\000t\000i\000v\000e\000\040\000A\000n\000a\000l\000y\000s\000i\000s}{section.3}% 10
\BOOKMARK [2][-]{subsection.3.3}{\376\377\000D\000y\000n\000a\000m\000i\000c\000\040\000O\000p\000t\000i\000m\000i\000z\000a\000t\000i\000o\000n\000\040\000M\000o\000d\000e\000l}{section.3}% 11
\BOOKMARK [3][-]{subsubsection.3.3.1}{\376\377\000F\000o\000r\000e\000s\000t\000\040\000D\000y\000n\000a\000m\000i\000c\000s}{subsection.3.3}% 12
\BOOKMARK [3][-]{subsubsection.3.3.2}{\376\377\000O\000b\000j\000e\000c\000t\000i\000v\000e\000\040\000F\000u\000n\000c\000t\000i\000o\000n}{subsection.3.3}% 13
\BOOKMARK [3][-]{subsubsection.3.3.3}{\376\377\000C\000o\000n\000s\000t\000r\000a\000i\000n\000t\000s}{subsection.3.3}% 14
\BOOKMARK [3][-]{subsubsection.3.3.4}{\376\377\000S\000o\000l\000u\000t\000i\000o\000n\000\040\000M\000e\000t\000h\000o\000d}{subsection.3.3}% 15
\BOOKMARK [3][-]{subsubsection.3.3.5}{\376\377\000M\000o\000d\000e\000l\000\040\000L\000i\000m\000i\000t\000a\000t\000i\000o\000n\000s}{subsection.3.3}% 16
\BOOKMARK [1][-]{section.4}{\376\377\000R\000e\000s\000u\000l\000t\000s}{}% 17
\BOOKMARK [2][-]{subsection.4.1}{\376\377\000D\000e\000s\000c\000r\000i\000p\000t\000i\000v\000e\000\040\000P\000a\000t\000t\000e\000r\000n\000s\000:\000\040\000T\000w\000o\000\040\000D\000e\000c\000a\000d\000e\000s\000\040\000o\000f\000\040\000D\000e\000f\000o\000r\000e\000s\000t\000a\000t\000i\000o\000n}{section.4}% 18
\BOOKMARK [2][-]{subsection.4.2}{\376\377\000R\000e\000g\000i\000o\000n\000a\000l\000\040\000H\000e\000t\000e\000r\000o\000g\000e\000n\000e\000i\000t\000y}{section.4}% 19
\BOOKMARK [2][-]{subsection.4.3}{\376\377\000D\000r\000i\000v\000e\000r\000\040\000A\000t\000t\000r\000i\000b\000u\000t\000i\000o\000n}{section.4}% 20
\BOOKMARK [2][-]{subsection.4.4}{\376\377\000T\000r\000e\000e\000\040\000C\000o\000v\000e\000r\000\040\000G\000a\000i\000n\000:\000\040\000I\000n\000s\000u\000f\000f\000i\000c\000i\000e\000n\000t\000\040\000t\000o\000\040\000C\000o\000m\000p\000e\000n\000s\000a\000t\000e}{section.4}% 21
\BOOKMARK [2][-]{subsection.4.5}{\376\377\000O\000p\000t\000i\000m\000i\000z\000a\000t\000i\000o\000n\000\040\000R\000e\000s\000u\000l\000t\000s\000:\000\040\000B\000a\000s\000e\000l\000i\000n\000e\000\040\000S\000c\000e\000n\000a\000r\000i\000o}{section.4}% 22
\BOOKMARK [2][-]{subsection.4.6}{\376\377\000S\000e\000n\000s\000i\000t\000i\000v\000i\000t\000y\000\040\000A\000n\000a\000l\000y\000s\000i\000s\000:\000\040\000C\000a\000r\000b\000o\000n\000\040\000P\000r\000i\000c\000i\000n\000g}{section.4}% 23
\BOOKMARK [2][-]{subsection.4.7}{\376\377\000S\000e\000n\000s\000i\000t\000i\000v\000i\000t\000y\000\040\000A\000n\000a\000l\000y\000s\000i\000s\000:\000\040\000D\000i\000s\000c\000o\000u\000n\000t\000\040\000R\000a\000t\000e}{section.4}% 24
\BOOKMARK [2][-]{subsection.4.8}{\376\377\000C\000o\000u\000n\000t\000e\000r\000f\000a\000c\000t\000u\000a\000l\000:\000\040\000B\000u\000s\000i\000n\000e\000s\000s\000-\000a\000s\000-\000u\000s\000u\000a\000l\000\040\000P\000r\000o\000j\000e\000c\000t\000i\000o\000n}{section.4}% 25
\BOOKMARK [2][-]{subsection.4.9}{\376\377\000R\000o\000b\000u\000s\000t\000n\000e\000s\000s\000\040\000C\000h\000e\000c\000k\000s}{section.4}% 26
\BOOKMARK [1][-]{section.5}{\376\377\000D\000i\000s\000c\000u\000s\000s\000i\000o\000n\000\040\000a\000n\000d\000\040\000P\000o\000l\000i\000c\000y\000\040\000I\000m\000p\000l\000i\000c\000a\000t\000i\000o\000n\000s}{}% 27
\BOOKMARK [2][-]{subsection.5.1}{\376\377\000T\000h\000e\000\040\000T\000i\000m\000e\000\040\000H\000o\000r\000i\000z\000o\000n\000\040\000I\000m\000p\000e\000r\000a\000t\000i\000v\000e}{section.5}% 28
\BOOKMARK [2][-]{subsection.5.2}{\376\377\000R\000e\000g\000u\000l\000a\000t\000o\000r\000y\000\040\000A\000p\000p\000r\000o\000a\000c\000h\000e\000s\000:\000\040\000E\000n\000f\000o\000r\000c\000e\000m\000e\000n\000t\000\040\000C\000o\000n\000s\000t\000r\000a\000i\000n\000t\000s}{section.5}% 29
\BOOKMARK [2][-]{subsection.5.3}{\376\377\000C\000a\000r\000b\000o\000n\000\040\000P\000r\000i\000c\000i\000n\000g\000:\000\040\000T\000h\000r\000e\000s\000h\000o\000l\000d\000\040\000E\000f\000f\000e\000c\000t\000s\000\040\000a\000n\000d\000\040\000M\000a\000r\000k\000e\000t\000\040\000A\000c\000c\000e\000s\000s}{section.5}% 30
\BOOKMARK [2][-]{subsection.5.4}{\376\377\000A\000g\000r\000i\000c\000u\000l\000t\000u\000r\000a\000l\000\040\000I\000n\000t\000e\000n\000s\000i\000f\000i\000c\000a\000t\000i\000o\000n\000:\000\040\000R\000e\000l\000i\000e\000v\000i\000n\000g\000\040\000L\000a\000n\000d\000\040\000P\000r\000e\000s\000s\000u\000r\000e}{section.5}% 31
\BOOKMARK [2][-]{subsection.5.5}{\376\377\000R\000e\000f\000o\000r\000e\000s\000t\000a\000t\000i\000o\000n\000\040\000a\000t\000\040\000S\000c\000a\000l\000e\000:\000\040\000I\000n\000s\000t\000i\000t\000u\000t\000i\000o\000n\000a\000l\000\040\000B\000o\000t\000t\000l\000e\000n\000e\000c\000k\000s}{section.5}% 32
\BOOKMARK [2][-]{subsection.5.6}{\376\377\000T\000h\000r\000e\000s\000h\000o\000l\000d\000\040\000D\000y\000n\000a\000m\000i\000c\000s\000\040\000a\000n\000d\000\040\000I\000r\000r\000e\000v\000e\000r\000s\000i\000b\000i\000l\000i\000t\000y}{section.5}% 33
\BOOKMARK [2][-]{subsection.5.7}{\376\377\000P\000o\000l\000i\000t\000i\000c\000a\000l\000\040\000E\000c\000o\000n\000o\000m\000y\000\040\000a\000n\000d\000\040\000I\000m\000p\000l\000e\000m\000e\000n\000t\000a\000t\000i\000o\000n\000\040\000F\000e\000a\000s\000i\000b\000i\000l\000i\000t\000y}{section.5}% 34
\BOOKMARK [2][-]{subsection.5.8}{\376\377\000I\000n\000t\000e\000g\000r\000a\000t\000e\000d\000\040\000P\000o\000l\000i\000c\000y\000\040\000F\000r\000a\000m\000e\000w\000o\000r\000k}{section.5}% 35
\BOOKMARK [1][-]{section.6}{\376\377\000C\000o\000n\000c\000l\000u\000s\000i\000o\000n}{}% 36
\BOOKMARK [1][-]{appendix.A}{\376\377\000S\000u\000p\000p\000l\000e\000m\000e\000n\000t\000a\000r\000y\000\040\000F\000i\000g\000u\000r\000e\000s\000\040\000a\000n\000d\000\040\000T\000a\000b\000l\000e\000s}{}% 37
\BOOKMARK [2][-]{subsection.A.1}{\376\377\000T\000e\000m\000p\000o\000r\000a\000l\000\040\000a\000n\000d\000\040\000E\000m\000i\000s\000s\000i\000o\000n\000s\000\040\000A\000n\000a\000l\000y\000s\000i\000s}{appendix.A}% 38
\BOOKMARK [2][-]{subsection.A.2}{\376\377\000R\000e\000g\000i\000o\000n\000a\000l\000\040\000T\000r\000e\000n\000d\000s\000\040\000a\000n\000d\000\040\000S\000p\000a\000t\000i\000a\000l\000\040\000P\000a\000t\000t\000e\000r\000n\000s}{appendix.A}% 39
\BOOKMARK [2][-]{subsection.A.3}{\376\377\000T\000e\000m\000p\000o\000r\000a\000l\000-\000S\000p\000a\000t\000i\000a\000l\000\040\000D\000y\000n\000a\000m\000i\000c\000s}{appendix.A}% 40
\BOOKMARK [2][-]{subsection.A.4}{\376\377\000S\000e\000n\000s\000i\000t\000i\000v\000i\000t\000y\000\040\000A\000n\000a\000l\000y\000s\000i\000s\000:\000\040\000C\000a\000r\000b\000o\000n\000\040\000P\000r\000i\000c\000i\000n\000g\000\040\000a\000n\000d\000\040\000D\000i\000s\000c\000o\000u\000n\000t\000\040\000R\000a\000t\000e\000s}{appendix.A}% 41
\BOOKMARK [2][-]{subsection.A.5}{\376\377\000D\000e\000t\000a\000i\000l\000e\000d\000\040\000O\000p\000t\000i\000m\000i\000z\000a\000t\000i\000o\000n\000\040\000R\000e\000s\000u\000l\000t\000s}{appendix.A}% 42
\BOOKMARK [2][-]{subsection.A.6}{\376\377\000S\000u\000p\000p\000l\000e\000m\000e\000n\000t\000a\000r\000y\000\040\000D\000a\000t\000a\000\040\000T\000a\000b\000l\000e\000s}{appendix.A}% 43
