This is pdfTeX, Version 3.141592653-2.6-1.40.28 (MiKTeX 25.12) (preloaded format=pdflatex 2026.2.28)  28 FEB 2026 18:09
entering extended mode
 restricted \write18 enabled.
 file:line:error style messages enabled.
 %&-line parsing enabled.
**"h:/My Drive/Grad School/fall_26/AIMS/sample1/latex_manuscript/manuscript.tex"
(h:/My Drive/Grad School/fall_26/AIMS/sample1/latex_manuscript/manuscript.tex
LaTeX2e <2025-11-01>
L3 programming layer <2025-12-24>
(C:\Users\yasan\AppData\Local\Programs\MiKTeX\tex/latex/base\article.cls
Document Class: article 2025/01/22 v1.4n Standard LaTeX document class
(C:\Users\yasan\AppData\Local\Programs\MiKTeX\tex/latex/base\size12.clo
File: size12.clo 2025/01/22 v1.4n Standard LaTeX file (size option)
)
\c@part=\count275
\c@section=\count276
\c@subsection=\count277
\c@subsubsection=\count278
\c@paragraph=\count279
\c@subparagraph=\count280
\c@figure=\count281
\c@table=\count282
\abovecaptionskip=\skip49
\belowcaptionskip=\skip50
\bibindent=\dimen148
) (C:\Users\yasan\AppData\Local\Programs\MiKTeX\tex/latex/base\inputenc.sty
Package: inputenc 2024/02/08 v1.3d Input encoding file
\inpenc@prehook=\toks17
\inpenc@posthook=\toks18
) (C:\Users\yasan\AppData\Local\Programs\MiKTeX\tex/latex/base\fontenc.sty
Package: fontenc 2025/07/18 v2.1d Standard LaTeX package
) (C:\Users\yasan\AppData\Local\Programs\MiKTeX\tex/latex/geometry\geometry.sty
Package: geometry 2020/01/02 v5.9 Page Geometry
 (C:\Users\yasan\AppData\Local\Programs\MiKTeX\tex/latex/graphics\keyval.sty
Package: keyval 2022/05/29 v1.15 key=value parser (DPC)
\KV@toks@=\toks19
) (C:\Users\yasan\AppData\Local\Programs\MiKTeX\tex/generic/iftex\ifvtex.sty
Package: ifvtex 2019/10/25 v1.7 ifvtex legacy package. Use iftex instead.
 (C:\Users\yasan\AppData\Local\Programs\MiKTeX\tex/generic/iftex\iftex.sty
Package: iftex 2024/12/12 v1.0g TeX engine tests
))
\Gm@cnth=\count283
\Gm@cntv=\count284
\c@Gm@tempcnt=\count285
\Gm@bindingoffset=\dimen149
\Gm@wd@mp=\dimen150
\Gm@odd@mp=\dimen151
\Gm@even@mp=\dimen152
\Gm@layoutwidth=\dimen153
\Gm@layoutheight=\dimen154
\Gm@layouthoffset=\dimen155
\Gm@layoutvoffset=\dimen156
\Gm@dimlist=\toks20
 (C:\Users\yasan\AppData\Local\Programs\MiKTeX\tex/latex/geometry\geometry.cfg)) (C:\Users\yasan\AppData\Local\Programs\MiKTeX\tex/latex/amsmath\amsmath.sty
Package: amsmath 2025/07/09 v2.17z AMS math features
\@mathmargin=\skip51

For additional information on amsmath, use the `?' option.
(C:\Users\yasan\AppData\Local\Programs\MiKTeX\tex/latex/amsmath\amstext.sty
Package: amstext 2024/11/17 v2.01 AMS text
 (C:\Users\yasan\AppData\Local\Programs\MiKTeX\tex/latex/amsmath\amsgen.sty
File: amsgen.sty 1999/11/30 v2.0 generic functions
\@emptytoks=\toks21
\ex@=\dimen157
)) (C:\Users\yasan\AppData\Local\Programs\MiKTeX\tex/latex/amsmath\amsbsy.sty
Package: amsbsy 1999/11/29 v1.2d Bold Symbols
\pmbraise@=\dimen158
) (C:\Users\yasan\AppData\Local\Programs\MiKTeX\tex/latex/amsmath\amsopn.sty
Package: amsopn 2022/04/08 v2.04 operator names
)
\inf@bad=\count286
LaTeX Info: Redefining \frac on input line 233.
\uproot@=\count287
\leftroot@=\count288
LaTeX Info: Redefining \overline on input line 398.
LaTeX Info: Redefining \colon on input line 409.
\classnum@=\count289
\DOTSCASE@=\count290
LaTeX Info: Redefining \ldots on input line 495.
LaTeX Info: Redefining \dots on input line 498.
LaTeX Info: Redefining \cdots on input line 619.
\Mathstrutbox@=\box53
\strutbox@=\box54
LaTeX Info: Redefining \big on input line 721.
LaTeX Info: Redefining \Big on input line 722.
LaTeX Info: Redefining \bigg on input line 723.
LaTeX Info: Redefining \Bigg on input line 724.
\big@size=\dimen159
LaTeX Font Info:    Redeclaring font encoding OML on input line 742.
LaTeX Font Info:    Redeclaring font encoding OMS on input line 743.
\macc@depth=\count291
LaTeX Info: Redefining \bmod on input line 904.
LaTeX Info: Redefining \pmod on input line 909.
LaTeX Info: Redefining \smash on input line 939.
LaTeX Info: Redefining \relbar on input line 969.
LaTeX Info: Redefining \Relbar on input line 970.
\c@MaxMatrixCols=\count292
\dotsspace@=\muskip17
\c@parentequation=\count293
\dspbrk@lvl=\count294
\tag@help=\toks22
\row@=\count295
\column@=\count296
\maxfields@=\count297
\andhelp@=\toks23
\eqnshift@=\dimen160
\alignsep@=\dimen161
\tagshift@=\dimen162
\tagwidth@=\dimen163
\totwidth@=\dimen164
\lineht@=\dimen165
\@envbody=\toks24
\multlinegap=\skip52
\multlinetaggap=\skip53
\mathdisplay@stack=\toks25
LaTeX Info: Redefining \[ on input line 2950.
LaTeX Info: Redefining \] on input line 2951.
) (C:\Users\yasan\AppData\Local\Programs\MiKTeX\tex/latex/amsfonts\amssymb.sty
Package: amssymb 2013/01/14 v3.01 AMS font symbols
 (C:\Users\yasan\AppData\Local\Programs\MiKTeX\tex/latex/amsfonts\amsfonts.sty
Package: amsfonts 2013/01/14 v3.01 Basic AMSFonts support
\symAMSa=\mathgroup4
\symAMSb=\mathgroup5
LaTeX Font Info:    Redeclaring math symbol \hbar on input line 98.
LaTeX Font Info:    Overwriting math alphabet `\mathfrak' in version `bold'
(Font)                  U/euf/m/n --> U/euf/b/n on input line 106.
)) (C:\Users\yasan\AppData\Local\Programs\MiKTeX\tex/latex/amscls\amsthm.sty
Package: amsthm 2020/05/29 v2.20.6
\thm@style=\toks26
\thm@bodyfont=\toks27
\thm@headfont=\toks28
\thm@notefont=\toks29
\thm@headpunct=\toks30
\thm@preskip=\skip54
\thm@postskip=\skip55
\thm@headsep=\skip56
\dth@everypar=\toks31
) (C:\Users\yasan\AppData\Local\Programs\MiKTeX\tex/latex/graphics\graphicx.sty
Package: graphicx 2024/12/31 v1.2e Enhanced LaTeX Graphics (DPC,SPQR)
 (C:\Users\yasan\AppData\Local\Programs\MiKTeX\tex/latex/graphics\graphics.sty
Package: graphics 2024/08/06 v1.4g Standard LaTeX Graphics (DPC,SPQR)
 (C:\Users\yasan\AppData\Local\Programs\MiKTeX\tex/latex/graphics\trig.sty
Package: trig 2023/12/02 v1.11 sin cos tan (DPC)
) (C:\Users\yasan\AppData\Local\Programs\MiKTeX\tex/latex/graphics-cfg\graphics.cfg
File: graphics.cfg 2016/06/04 v1.11 sample graphics configuration
)
Package graphics Info: Driver file: pdftex.def on input line 106.
 (C:\Users\yasan\AppData\Local\Programs\MiKTeX\tex/latex/graphics-def\pdftex.def
File: pdftex.def 2025/09/29 v1.2d Graphics/color driver for pdftex
))
\Gin@req@height=\dimen166
\Gin@req@width=\dimen167
) (C:\Users\yasan\AppData\Local\Programs\MiKTeX\tex/latex/booktabs\booktabs.sty
Package: booktabs 2020/01/12 v1.61803398 Publication quality tables
\heavyrulewidth=\dimen168
\lightrulewidth=\dimen169
\cmidrulewidth=\dimen170
\belowrulesep=\dimen171
\belowbottomsep=\dimen172
\aboverulesep=\dimen173
\abovetopsep=\dimen174
\cmidrulesep=\dimen175
\cmidrulekern=\dimen176
\defaultaddspace=\dimen177
\@cmidla=\count298
\@cmidlb=\count299
\@aboverulesep=\dimen178
\@belowrulesep=\dimen179
\@thisruleclass=\count300
\@lastruleclass=\count301
\@thisrulewidth=\dimen180
) (C:\Users\yasan\AppData\Local\Programs\MiKTeX\tex/latex/tools\longtable.sty
Package: longtable 2025-10-13 v4.24 Multi-page Table package (DPC)
\LTleft=\skip57
\LTright=\skip58
\LTpre=\skip59
\LTpost=\skip60
\LTchunksize=\count302
\LTcapwidth=\dimen181
\LT@head=\box55
\LT@firsthead=\box56
\LT@foot=\box57
\LT@lastfoot=\box58
\LT@gbox=\box59
\LT@cols=\count303
\LT@rows=\count304
\c@LT@tables=\count305
\c@LT@chunks=\count306
\LT@p@ftn=\toks32
) (C:\Users\yasan\AppData\Local\Programs\MiKTeX\tex/latex/tools\array.sty
Package: array 2025/09/25 v2.6n Tabular extension package (FMi)
\col@sep=\dimen182
\ar@mcellbox=\box60
\extrarowheight=\dimen183
\NC@list=\toks33
\extratabsurround=\skip61
\backup@length=\skip62
\ar@cellbox=\box61
) (C:\Users\yasan\AppData\Local\Programs\MiKTeX\tex/latex/setspace\setspace.sty
Package: setspace 2022/12/04 v6.7b set line spacing
) (C:\Users\yasan\AppData\Local\Programs\MiKTeX\tex/latex/hyperref\hyperref.sty
Package: hyperref 2025-07-12 v7.01o Hypertext links for LaTeX
 (C:\Users\yasan\AppData\Local\Programs\MiKTeX\tex/latex/kvsetkeys\kvsetkeys.sty
Package: kvsetkeys 2022-10-05 v1.19 Key value parser (HO)
) (C:\Users\yasan\AppData\Local\Programs\MiKTeX\tex/generic/kvdefinekeys\kvdefinekeys.sty
Package: kvdefinekeys 2019-12-19 v1.6 Define keys (HO)
) (C:\Users\yasan\AppData\Local\Programs\MiKTeX\tex/generic/pdfescape\pdfescape.sty
Package: pdfescape 2019/12/09 v1.15 Implements pdfTeX's escape features (HO)
 (C:\Users\yasan\AppData\Local\Programs\MiKTeX\tex/generic/ltxcmds\ltxcmds.sty
Package: ltxcmds 2023-12-04 v1.26 LaTeX kernel commands for general use (HO)
) (C:\Users\yasan\AppData\Local\Programs\MiKTeX\tex/generic/pdftexcmds\pdftexcmds.sty
Package: pdftexcmds 2020-06-27 v0.33 Utility functions of pdfTeX for LuaTeX (HO)
 (C:\Users\yasan\AppData\Local\Programs\MiKTeX\tex/generic/infwarerr\infwarerr.sty
Package: infwarerr 2019/12/03 v1.5 Providing info/warning/error messages (HO)
)
Package pdftexcmds Info: \pdf@primitive is available.
Package pdftexcmds Info: \pdf@ifprimitive is available.
Package pdftexcmds Info: \pdfdraftmode found.
)) (C:\Users\yasan\AppData\Local\Programs\MiKTeX\tex/latex/hycolor\hycolor.sty
Package: hycolor 2020-01-27 v1.10 Color options for hyperref/bookmark (HO)
) (C:\Users\yasan\AppData\Local\Programs\MiKTeX\tex/latex/hyperref\nameref.sty
Package: nameref 2025-06-21 v2.57 Cross-referencing by name of section
 (C:\Users\yasan\AppData\Local\Programs\MiKTeX\tex/latex/refcount\refcount.sty
Package: refcount 2019/12/15 v3.6 Data extraction from label references (HO)
) (C:\Users\yasan\AppData\Local\Programs\MiKTeX\tex/generic/gettitlestring\gettitlestring.sty
Package: gettitlestring 2019/12/15 v1.6 Cleanup title references (HO)
 (C:\Users\yasan\AppData\Local\Programs\MiKTeX\tex/latex/kvoptions\kvoptions.sty
Package: kvoptions 2022-06-15 v3.15 Key value format for package options (HO)
))
\c@section@level=\count307
) (C:\Users\yasan\AppData\Local\Programs\MiKTeX\tex/latex/etoolbox\etoolbox.sty
Package: etoolbox 2025/10/02 v2.5m e-TeX tools for LaTeX (JAW)
\etb@tempcnta=\count308
) (C:\Users\yasan\AppData\Local\Programs\MiKTeX\tex/generic/stringenc\stringenc.sty
Package: stringenc 2019/11/29 v1.12 Convert strings between diff. encodings (HO)
)
\@linkdim=\dimen184
\Hy@linkcounter=\count309
\Hy@pagecounter=\count310
 (C:\Users\yasan\AppData\Local\Programs\MiKTeX\tex/latex/hyperref\pd1enc.def
File: pd1enc.def 2025-07-12 v7.01o Hyperref: PDFDocEncoding definition (HO)
Now handling font encoding PD1 ...
... no UTF-8 mapping file for font encoding PD1
) (C:\Users\yasan\AppData\Local\Programs\MiKTeX\tex/generic/intcalc\intcalc.sty
Package: intcalc 2019/12/15 v1.3 Expandable calculations with integers (HO)
)
\Hy@SavedSpaceFactor=\count311
 (C:\Users\yasan\AppData\Local\Programs\MiKTeX\tex/latex/hyperref\puenc.def
File: puenc.def 2025-07-12 v7.01o Hyperref: PDF Unicode definition (HO)
Now handling font encoding PU ...
... no UTF-8 mapping file for font encoding PU
)
Package hyperref Info: Hyper figures OFF on input line 4195.
Package hyperref Info: Link nesting OFF on input line 4200.
Package hyperref Info: Hyper index ON on input line 4203.
Package hyperref Info: Plain pages OFF on input line 4210.
Package hyperref Info: Backreferencing OFF on input line 4215.
Package hyperref Info: Implicit mode ON; LaTeX internals redefined.
Package hyperref Info: Bookmarks ON on input line 4462.
\c@Hy@tempcnt=\count312
 (C:\Users\yasan\AppData\Local\Programs\MiKTeX\tex/latex/url\url.sty
\Urlmuskip=\muskip18
Package: url 2013/09/16  ver 3.4  Verb mode for urls, etc.
)
LaTeX Info: Redefining \url on input line 4801.
\XeTeXLinkMargin=\dimen185
 (C:\Users\yasan\AppData\Local\Programs\MiKTeX\tex/generic/bitset\bitset.sty
Package: bitset 2019/12/09 v1.3 Handle bit-vector datatype (HO)
 (C:\Users\yasan\AppData\Local\Programs\MiKTeX\tex/generic/bigintcalc\bigintcalc.sty
Package: bigintcalc 2019/12/15 v1.5 Expandable calculations on big integers (HO)
))
\Fld@menulength=\count313
\Field@Width=\dimen186
\Fld@charsize=\dimen187
Package hyperref Info: Hyper figures OFF on input line 6078.
Package hyperref Info: Link nesting OFF on input line 6083.
Package hyperref Info: Hyper index ON on input line 6086.
Package hyperref Info: backreferencing OFF on input line 6093.
Package hyperref Info: Link coloring OFF on input line 6098.
Package hyperref Info: Link coloring with OCG OFF on input line 6103.
Package hyperref Info: PDF/A mode OFF on input line 6108.
\Hy@abspage=\count314
\c@Item=\count315
\c@Hfootnote=\count316
)
Package hyperref Info: Driver (autodetected): hpdftex.
 (C:\Users\yasan\AppData\Local\Programs\MiKTeX\tex/latex/hyperref\hpdftex.def
File: hpdftex.def 2025-07-12 v7.01o Hyperref driver for pdfTeX
\Fld@listcount=\count317
\c@bookmark@seq@number=\count318
 (C:\Users\yasan\AppData\Local\Programs\MiKTeX\tex/latex/rerunfilecheck\rerunfilecheck.sty
Package: rerunfilecheck 2025-06-21 v1.11 Rerun checks for auxiliary files (HO)
 (C:\Users\yasan\AppData\Local\Programs\MiKTeX\tex/generic/uniquecounter\uniquecounter.sty
Package: uniquecounter 2019/12/15 v1.4 Provide unlimited unique counter (HO)
)
Package uniquecounter Info: New unique counter `rerunfilecheck' on input line 284.
)
\Hy@SectionHShift=\skip63
) (C:\Users\yasan\AppData\Local\Programs\MiKTeX\tex/latex/natbib\natbib.sty
Package: natbib 2010/09/13 8.31b (PWD, AO)
\bibhang=\skip64
\bibsep=\skip65
LaTeX Info: Redefining \cite on input line 694.
\c@NAT@ctr=\count319
) (C:\Users\yasan\AppData\Local\Programs\MiKTeX\tex/latex/caption\caption.sty
Package: caption 2023/08/05 v3.6o Customizing captions (AR)
 (C:\Users\yasan\AppData\Local\Programs\MiKTeX\tex/latex/caption\caption3.sty
Package: caption3 2023/07/31 v2.4d caption3 kernel (AR)
\caption@tempdima=\dimen188
\captionmargin=\dimen189
\caption@leftmargin=\dimen190
\caption@rightmargin=\dimen191
\caption@width=\dimen192
\caption@indent=\dimen193
\caption@parindent=\dimen194
\caption@hangindent=\dimen195
Package caption Info: Standard document class detected.
)
\c@caption@flags=\count320
\c@continuedfloat=\count321
Package caption Info: hyperref package is loaded.
Package caption Info: longtable package is loaded.
 (C:\Users\yasan\AppData\Local\Programs\MiKTeX\tex/latex/caption\ltcaption.sty
Package: ltcaption 2021/01/08 v1.4c longtable captions (AR)
)) (C:\Users\yasan\AppData\Local\Programs\MiKTeX\tex/latex/caption\subcaption.sty
Package: subcaption 2023/07/28 v1.6b Sub-captions (AR)
Package caption Info: New subtype `subfigure' on input line 238.
\c@subfigure=\count322
Package caption Info: New subtype `subtable' on input line 238.
\c@subtable=\count323
) (C:\Users\yasan\AppData\Local\Programs\MiKTeX\tex/latex/float\float.sty
Package: float 2001/11/08 v1.3d Float enhancements (AL)
\c@float@type=\count324
\float@exts=\toks34
\float@box=\box62
\@float@everytoks=\toks35
\@floatcapt=\box63
) (C:\Users\yasan\AppData\Local\Programs\MiKTeX\tex/latex/multirow\multirow.sty
Package: multirow 2024/11/12 v2.9 Span multiple rows of a table
\multirow@colwidth=\skip66
\multirow@cntb=\count325
\multirow@dima=\skip67
\bigstrutjot=\dimen196
) (C:\Users\yasan\AppData\Local\Programs\MiKTeX\tex/latex/enumitem\enumitem.sty
Package: enumitem 2025/02/06 v3.11 Customized lists
\labelindent=\skip68
\enit@outerparindent=\dimen197
\enit@toks=\toks36
\enit@inbox=\box64
\enit@count@id=\count326
\enitdp@description=\count327
) (C:\Users\yasan\AppData\Local\Programs\MiKTeX\tex/latex/l3backend\l3backend-pdftex.def
File: l3backend-pdftex.def 2025-10-09 L3 backend support: PDF output (pdfTeX)
\l__color_backend_stack_int=\count328
) (manuscript.aux)
\openout1 = `manuscript.aux'.

LaTeX Font Info:    Checking defaults for OML/cmm/m/it on input line 43.
LaTeX Font Info:    ... okay on input line 43.
LaTeX Font Info:    Checking defaults for OMS/cmsy/m/n on input line 43.
LaTeX Font Info:    ... okay on input line 43.
LaTeX Font Info:    Checking defaults for OT1/cmr/m/n on input line 43.
LaTeX Font Info:    ... okay on input line 43.
LaTeX Font Info:    Checking defaults for T1/cmr/m/n on input line 43.
LaTeX Font Info:    ... okay on input line 43.
LaTeX Font Info:    Checking defaults for TS1/cmr/m/n on input line 43.
LaTeX Font Info:    ... okay on input line 43.
LaTeX Font Info:    Checking defaults for OMX/cmex/m/n on input line 43.
LaTeX Font Info:    ... okay on input line 43.
LaTeX Font Info:    Checking defaults for U/cmr/m/n on input line 43.
LaTeX Font Info:    ... okay on input line 43.
LaTeX Font Info:    Checking defaults for PD1/pdf/m/n on input line 43.
LaTeX Font Info:    ... okay on input line 43.
LaTeX Font Info:    Checking defaults for PU/pdf/m/n on input line 43.
LaTeX Font Info:    ... okay on input line 43.

*geometry* driver: auto-detecting
*geometry* detected driver: pdftex
*geometry* verbose mode - [ preamble ] result:
* driver: pdftex
* paper: a4paper
* layout: <same size as paper>
* layoutoffset:(h,v)=(0.0pt,0.0pt)
* modes: 
* h-part:(L,W,R)=(72.26999pt, 452.9679pt, 72.26999pt)
* v-part:(T,H,B)=(72.26999pt, 700.50687pt, 72.26999pt)
* \paperwidth=597.50787pt
* \paperheight=845.04684pt
* \textwidth=452.9679pt
* \textheight=700.50687pt
* \oddsidemargin=0.0pt
* \evensidemargin=0.0pt
* \topmargin=-37.0pt
* \headheight=12.0pt
* \headsep=25.0pt
* \topskip=12.0pt
* \footskip=30.0pt
* \marginparwidth=35.0pt
* \marginparsep=10.0pt
* \columnsep=10.0pt
* \skip\footins=10.8pt plus 4.0pt minus 2.0pt
* \hoffset=0.0pt
* \voffset=0.0pt
* \mag=1000
* \@twocolumnfalse
* \@twosidefalse
* \@mparswitchfalse
* \@reversemarginfalse
* (1in=72.27pt=25.4mm, 1cm=28.453pt)

(C:\Users\yasan\AppData\Local\Programs\MiKTeX\tex/context/base/mkii\supp-pdf.mkii
[Loading MPS to PDF converter (version 2006.09.02).]
\scratchcounter=\count329
\scratchdimen=\dimen198
\scratchbox=\box65
\nofMPsegments=\count330
\nofMParguments=\count331
\everyMPshowfont=\toks37
\MPscratchCnt=\count332
\MPscratchDim=\dimen199
\MPnumerator=\count333
\makeMPintoPDFobject=\count334
\everyMPtoPDFconversion=\toks38
) (C:\Users\yasan\AppData\Local\Programs\MiKTeX\tex/latex/epstopdf-pkg\epstopdf-base.sty
Package: epstopdf-base 2020-01-24 v2.11 Base part for package epstopdf
Package epstopdf-base Info: Redefining graphics rule for `.eps' on input line 485.
 (C:\Users\yasan\AppData\Local\Programs\MiKTeX\tex/latex/00miktex\epstopdf-sys.cfg
File: epstopdf-sys.cfg 2021/03/18 v2.0 Configuration of epstopdf for MiKTeX
))
Package hyperref Info: Link coloring OFF on input line 43.
 (manuscript.out) (manuscript.out)
\@outlinefile=\write3
\openout3 = `manuscript.out'.

Package caption Info: Begin \AtBeginDocument code.
Package caption Info: float package is loaded.
Package caption Info: End \AtBeginDocument code.
LaTeX Font Info:    Trying to load font information for U+msa on input line 46.
 (C:\Users\yasan\AppData\Local\Programs\MiKTeX\tex/latex/amsfonts\umsa.fd
File: umsa.fd 2013/01/14 v3.01 AMS symbols A
)
LaTeX Font Info:    Trying to load font information for U+msb on input line 46.
 (C:\Users\yasan\AppData\Local\Programs\MiKTeX\tex/latex/amsfonts\umsb.fd
File: umsb.fd 2013/01/14 v3.01 AMS symbols B
) [1

{C:/Users/yasan/AppData/Local/MiKTeX/fonts/map/pdftex/pdftex.map}] [2] (manuscript.toc [3

])
\tf@toc=\write4
\openout4 = `manuscript.toc'.

 [4] (sections/01_introduction.tex [5

]) [6] [7] (sections/02_literature.tex [8

] [9]
Overfull \hbox (38.12091pt too wide) in paragraph at lines 33--34
\T1/cmr/m/n/12 doc-u-mented for-est tran-si-tions in 50 coun-tries; Ghana be-gan tran-si-tion-ing in the 1990s^^Vsecondary
 []

[10] [11]) [12] (sections/03_methodology.tex [13

] [14] [15] [16] [17] [18]) [19] (sections/04_results.tex
<figures/fig1_annual_loss.pdf, id=423, 715.01529pt x 425.6176pt>
File: figures/fig1_annual_loss.pdf Graphic file (type pdf)
<use figures/fig1_annual_loss.pdf>
Package pdftex.def Info: figures/fig1_annual_loss.pdf  used on input line 9.
(pdftex.def)             Requested size: 385.02547pt x 229.18712pt.
 [20

 <./figures/fig1_annual_loss.pdf>]
<figures/fig5_regional.pdf, id=465, 1003.90794pt x 426.3102pt>
File: figures/fig5_regional.pdf Graphic file (type pdf)
<use figures/fig5_regional.pdf>
Package pdftex.def Info: figures/fig5_regional.pdf  used on input line 28.
(pdftex.def)             Requested size: 407.66833pt x 173.11653pt.


LaTeX Warning: Reference `tab:regional' on page 21 undefined on input line 33.

[21 <./figures/fig5_regional.pdf>]
<figures/fig3_drivers.pdf, id=523, 716.1453pt x 425.6176pt>
File: figures/fig3_drivers.pdf Graphic file (type pdf)
<use figures/fig3_drivers.pdf>
Package pdftex.def Info: figures/fig3_drivers.pdf  used on input line 43.
(pdftex.def)             Requested size: 385.02547pt x 228.82994pt.
 [22]
Overfull \hbox (16.61275pt too wide) in paragraph at lines 48--49
\T1/cmr/m/n/12 wild-fires (0.4%), and un-known causes (0.2%). The forestry share de-serves scrutiny^^Vmanaged
 []

[23 <./figures/fig3_drivers.pdf>] [24] [25] (tables/table3_optimization_baseline.tex)
<figures/fig7_optimization.pdf, id=606, 860.74539pt x 715.73146pt>
File: figures/fig7_optimization.pdf Graphic file (type pdf)
<use figures/fig7_optimization.pdf>
Package pdftex.def Info: figures/fig7_optimization.pdf  used on input line 86.
(pdftex.def)             Requested size: 430.31812pt x 357.82117pt.
 [26] [27]
<figures/fig8_comparison.pdf, id=620, 859.5682pt x 425.44006pt>
File: figures/fig8_comparison.pdf Graphic file (type pdf)
<use figures/fig8_comparison.pdf>
Package pdftex.def Info: figures/fig8_comparison.pdf  used on input line 93.
(pdftex.def)             Requested size: 430.31812pt x 212.97917pt.
 [28 <./figures/fig7_optimization.pdf>]
<figures/fig9_metrics.pdf, id=696, 1004.30083pt x 715.39021pt>
File: figures/fig9_metrics.pdf Graphic file (type pdf)
<use figures/fig9_metrics.pdf>
Package pdftex.def Info: figures/fig9_metrics.pdf  used on input line 100.
(pdftex.def)             Requested size: 430.31812pt x 306.53111pt.
 [29 <./figures/fig8_comparison.pdf>] [30 <./figures/fig9_metrics.pdf>] [31] [32] (tables/table4_comparison_trajectories.tex
Overfull \hbox (101.42838pt too wide) in paragraph at lines 7--32
 [][] 
 []

) [33]) [34] [35] (sections/05_discussion.tex [36

]
Overfull \hbox (0.27309pt too wide) in paragraph at lines 23--24
[]\T1/cmr/m/n/12 Alternative en-force-ment mech-a-nisms war-rant ex-plo-ration. Com-mu-nity for-est man-
 []

[37]
Overfull \hbox (22.87776pt too wide) in paragraph at lines 29--30
\T1/cmr/m/n/12 enues. Trans-ac-tion costs^^Vbaseline as-sess-ment ($50,000-$100,000), mon-i-tor-ing ($20,000/year),
 []

[38]
Overfull \hbox (33.74184pt too wide) in paragraph at lines 49--50
\T1/cmr/m/n/12 con-tin-u-ous ef-fort. Pay-ment for ecosys-tem ser-vices could bridge this tem-po-ral mis-match^^Voffering
 []

[39] [40] [41]) [42] (sections/06_conclusion.tex [43

]
Overfull \hbox (3.54047pt too wide) in paragraph at lines 13--14
[]\T1/cmr/m/n/12 The path for-ward in-te-grates mul-ti-ple in-stru-ments. Strengthen en-force-ment through
 []

[44]) [45] (manuscript.bbl [46

] [47]) [48] (sections/appendix.tex
<figures/fig2_emissions.pdf, id=950, 715.01529pt x 570.15762pt>
File: figures/fig2_emissions.pdf Graphic file (type pdf)
<use figures/fig2_emissions.pdf>
Package pdftex.def Info: figures/fig2_emissions.pdf  used on input line 11.
(pdftex.def)             Requested size: 407.66833pt x 325.08022pt.
<figures/fig4_drivers_time.pdf, id=951, 854.66403pt x 425.6176pt>
File: figures/fig4_drivers_time.pdf Graphic file (type pdf)
<use figures/fig4_drivers_time.pdf>
Package pdftex.def Info: figures/fig4_drivers_time.pdf  used on input line 18.
(pdftex.def)             Requested size: 407.66833pt x 203.01472pt.
 [49

 <./figures/fig2_emissions.pdf>]
<figures/fig15_loss_categories.pdf, id=996, 467.7837pt x 715.25722pt>
File: figures/fig15_loss_categories.pdf Graphic file (type pdf)
<use figures/fig15_loss_categories.pdf>
Package pdftex.def Info: figures/fig15_loss_categories.pdf  used on input line 25.
(pdftex.def)             Requested size: 407.66833pt x 623.33832pt.
 [50 <./figures/fig4_drivers_time.pdf>]
Overfull \vbox (19.83144pt too high) has occurred while \output is active []

 [51 <./figures/fig15_loss_categories.pdf>]
<figures/fig6_regional_trends.pdf, id=1136, 858.95992pt x 425.6176pt>
File: figures/fig6_regional_trends.pdf Graphic file (type pdf)
<use figures/fig6_regional_trends.pdf>
Package pdftex.def Info: figures/fig6_regional_trends.pdf  used on input line 34.
(pdftex.def)             Requested size: 430.31812pt x 213.2239pt.
<figures/fig10_spatial_total_loss.pdf, id=1137, 690.90121pt x 679.07744pt>
File: figures/fig10_spatial_total_loss.pdf Graphic file (type pdf)
<use figures/fig10_spatial_total_loss.pdf>
Package pdftex.def Info: figures/fig10_spatial_total_loss.pdf  used on input line 41.
(pdftex.def)             Requested size: 430.31812pt x 422.96133pt.
 [52 <./figures/fig6_regional_trends.pdf>]
<figures/fig11_spatial_pct_loss.pdf, id=1186, 690.90121pt x 679.07744pt>
File: figures/fig11_spatial_pct_loss.pdf Graphic file (type pdf)
<use figures/fig11_spatial_pct_loss.pdf>
Package pdftex.def Info: figures/fig11_spatial_pct_loss.pdf  used on input line 48.
(pdftex.def)             Requested size: 430.31812pt x 422.96133pt.
 [53 <./figures/fig10_spatial_total_loss.pdf>]
<figures/fig12_spatial_emissions.pdf, id=1267, 690.90121pt x 679.07744pt>
File: figures/fig12_spatial_emissions.pdf Graphic file (type pdf)
<use figures/fig12_spatial_emissions.pdf>
Package pdftex.def Info: figures/fig12_spatial_emissions.pdf  used on input line 55.
(pdftex.def)             Requested size: 430.31812pt x 422.96133pt.
 [54 <./figures/fig11_spatial_pct_loss.pdf>]
<figures/fig13_spatial_panel.pdf, id=1353, 967.31161pt x 995.1579pt>
File: figures/fig13_spatial_panel.pdf Graphic file (type pdf)
<use figures/fig13_spatial_panel.pdf>
Package pdftex.def Info: figures/fig13_spatial_panel.pdf  used on input line 62.
(pdftex.def)             Requested size: 430.31812pt x 442.7148pt.
 [55 <./figures/fig12_spatial_emissions.pdf>]
<figures/fig16_temporal_spatial.pdf, id=1433, 972.08237pt x 995.1579pt>
File: figures/fig16_temporal_spatial.pdf Graphic file (type pdf)
<use figures/fig16_temporal_spatial.pdf>
Package pdftex.def Info: figures/fig16_temporal_spatial.pdf  used on input line 71.
(pdftex.def)             Requested size: 430.31812pt x 440.52818pt.
 [56 <./figures/fig13_spatial_panel.pdf>]
<figures/fig17_change_detection.pdf, id=1528, 1095.48665pt x 572.43935pt>
File: figures/fig17_change_detection.pdf Graphic file (type pdf)
<use figures/fig17_change_detection.pdf>
Package pdftex.def Info: figures/fig17_change_detection.pdf  used on input line 78.
(pdftex.def)             Requested size: 430.31812pt x 224.85762pt.
 [57 <./figures/fig16_temporal_spatial.pdf>]
<figures/fig18_trend_map.pdf, id=1613, 467.7837pt x 715.25722pt>
File: figures/fig18_trend_map.pdf Graphic file (type pdf)
<use figures/fig18_trend_map.pdf>
Package pdftex.def Info: figures/fig18_trend_map.pdf  used on input line 85.
(pdftex.def)             Requested size: 430.31812pt x 657.96823pt.
 [58 <./figures/fig17_change_detection.pdf>]
Overfull \vbox (54.46135pt too high) has occurred while \output is active []

 [59 <./figures/fig18_trend_map.pdf>]
<figures/fig8_carbon_sensitivity.pdf, id=1782, 1004.27007pt x 354.04019pt>
File: figures/fig8_carbon_sensitivity.pdf Graphic file (type pdf)
<use figures/fig8_carbon_sensitivity.pdf>
Package pdftex.def Info: figures/fig8_carbon_sensitivity.pdf  used on input line 94.
(pdftex.def)             Requested size: 407.66833pt x 143.71503pt.
<figures/fig9_discount_sensitivity.pdf, id=1783, 1004.27007pt x 354.04019pt>
File: figures/fig9_discount_sensitivity.pdf Graphic file (type pdf)
<use figures/fig9_discount_sensitivity.pdf>
Package pdftex.def Info: figures/fig9_discount_sensitivity.pdf  used on input line 101.
(pdftex.def)             Requested size: 407.66833pt x 143.71503pt.
<figures/fig7_optimization_detailed.pdf, id=1784, 1004.3692pt x 715.39021pt>
File: figures/fig7_optimization_detailed.pdf Graphic file (type pdf)
<use figures/fig7_optimization_detailed.pdf>
Package pdftex.def Info: figures/fig7_optimization_detailed.pdf  used on input line 110.
(pdftex.def)             Requested size: 430.31812pt x 306.50928pt.
 [60 <./figures/fig8_carbon_sensitivity.pdf> <./figures/fig9_discount_sensitivity.pdf>] [61 <./figures/fig7_optimization_detailed.pdf>]) [62

] (manuscript.aux)
 ***********
LaTeX2e <2025-11-01>
L3 programming layer <2025-12-24>
 ***********


LaTeX Warning: There were undefined references.

Package rerunfilecheck Info: File `manuscript.out' has not changed.
(rerunfilecheck)             Checksum: 609B3AB078713903BE0ED81A39139A1B;9189.
 ) 
Here is how much of TeX's memory you used:
 13539 strings out of 467871
 218401 string characters out of 5418376
 640050 words of memory out of 5000000
 42046 multiletter control sequences out of 15000+600000
 647796 words of font info for 91 fonts, out of 8000000 for 9000
 1141 hyphenation exceptions out of 8191
 75i,10n,79p,2038b,584s stack positions out of 10000i,1000n,20000p,200000b,200000s
 <C:\Users\yasan\AppData\Local\MiKTeX\fonts/pk/ljfour/jknappen/ec/dpi600\ecti1095.pk> <C:\Users\yasan\AppData\Local\MiKTeX\fonts/pk/ljfour/jknappen/ec/dpi600\ectt1200.pk> <C:\Users\yasan\AppData\Local\MiKTeX\fonts/pk/ljfour/jknappen/ec/dpi600\tcrm1200.pk> <C:\Users\yasan\AppData\Local\MiKTeX\fonts/pk/ljfour/jknappen/ec/dpi600\ecrm0800.pk> <C:\Users\yasan\AppData\Local\MiKTeX\fonts/pk/ljfour/jknappen/ec/dpi600\ecti1200.pk> <C:\Users\yasan\AppData\Local\MiKTeX\fonts/pk/ljfour/jknappen/ec/dpi600\ecbx1440.pk> <C:\Users\yasan\AppData\Local\MiKTeX\fonts/pk/ljfour/jknappen/ec/dpi600\ecbx1728.pk> <C:\Users\yasan\AppData\Local\MiKTeX\fonts/pk/ljfour/jknappen/ec/dpi600\ecbx1200.pk> <C:\Users\yasan\AppData\Local\MiKTeX\fonts/pk/ljfour/jknappen/ec/dpi600\ecrm1200.pk> <C:\Users\yasan\AppData\Local\MiKTeX\fonts/pk/ljfour/jknappen/ec/dpi600\ecrm1095.pk> <C:\Users\yasan\AppData\Local\MiKTeX\fonts/pk/ljfour/jknappen/ec/dpi600\ecbx1095.pk> <C:\Users\yasan\AppData\Local\MiKTeX\fonts/pk/ljfour/jknappen/ec/dpi600\ecrm1440.pk> <C:\Users\yasan\AppData\Local\MiKTeX\fonts/pk/ljfour/jknappen/ec/dpi600\ecbx2074.pk><C:/Users/yasan/AppData/Local/Programs/MiKTeX/fonts/type1/public/amsfonts/cm/cmex10.pfb><C:/Users/yasan/AppData/Local/Programs/MiKTeX/fonts/type1/public/amsfonts/cm/cmmi10.pfb><C:/Users/yasan/AppData/Local/Programs/MiKTeX/fonts/type1/public/amsfonts/cm/cmmi12.pfb><C:/Users/yasan/AppData/Local/Programs/MiKTeX/fonts/type1/public/amsfonts/cm/cmmi6.pfb><C:/Users/yasan/AppData/Local/Programs/MiKTeX/fonts/type1/public/amsfonts/cm/cmmi8.pfb><C:/Users/yasan/AppData/Local/Programs/MiKTeX/fonts/type1/public/amsfonts/cm/cmr10.pfb><C:/Users/yasan/AppData/Local/Programs/MiKTeX/fonts/type1/public/amsfonts/cm/cmr12.pfb><C:/Users/yasan/AppData/Local/Programs/MiKTeX/fonts/type1/public/amsfonts/cm/cmr6.pfb><C:/Users/yasan/AppData/Local/Programs/MiKTeX/fonts/type1/public/amsfonts/cm/cmr8.pfb><C:/Users/yasan/AppData/Local/Programs/MiKTeX/fonts/type1/public/amsfonts/cm/cmsy10.pfb><C:/Users/yasan/AppData/Local/Programs/MiKTeX/fonts/type1/public/amsfonts/cm/cmsy6.pfb><C:/Users/yasan/AppData/Local/Programs/MiKTeX/fonts/type1/public/amsfonts/cm/cmsy8.pfb>
Output written on manuscript.pdf (62 pages, 11479197 bytes).
PDF statistics:
 2568 PDF objects out of 2984 (max. 8388607)
 166 named destinations out of 1000 (max. 500000)
 445 words of extra memory for PDF output out of 10000 (max. 10000000)

